// Vitest Snapshot v1, https://vitest.dev/guide/snapshot.html

exports[`chunk predicate helpers — golden > classifies control / error / metadata / text chunks (snapshot) 1`] = `
{
  "error": {
    "isControl": false,
    "isError": true,
    "isMetadata": false,
    "text": null,
  },
  "message_end": {
    "isControl": true,
    "isError": false,
    "isMetadata": false,
    "text": null,
  },
  "message_start": {
    "isControl": true,
    "isError": false,
    "isMetadata": false,
    "text": null,
  },
  "metadata": {
    "isControl": false,
    "isError": false,
    "isMetadata": true,
    "text": null,
  },
  "null_chunk": {
    "isControl": false,
    "isError": false,
    "isMetadata": false,
    "text": null,
  },
  "text": {
    "isControl": false,
    "isError": false,
    "isMetadata": false,
    "text": "Hello, ",
  },
  "thinking": {
    "isControl": false,
    "isError": false,
    "isMetadata": false,
    "text": null,
  },
}
`;

exports[`parseChunkToAction — golden corpus > maps the full recorded corpus to actions (snapshot) 1`] = `
{
  "ai_metadata_full": {
    "action": "metadata",
    "contextWindow": 200000,
    "modelDisplayName": "Claude Sonnet",
    "modelName": "claude-sonnet-x",
    "providerName": "anthropic",
  },
  "ai_metadata_legacy_provider_field": {
    "action": "metadata",
    "contextWindow": 0,
    "modelDisplayName": undefined,
    "modelName": "gpt-x",
    "providerName": "openai",
  },
  "ai_metadata_missing_model": null,
  "ai_metadata_non_numeric_context_window": {
    "action": "metadata",
    "contextWindow": 0,
    "modelDisplayName": undefined,
    "modelName": "claude-sonnet-x",
    "providerName": "anthropic",
  },
  "approval_request_batch": {
    "action": "approval_batch",
    "approvalType": "ADMIN",
    "requestId": "batch-1",
    "toolCalls": [
      {
        "approvalType": "ADMIN",
        "requiresApproval": true,
        "toolCallArguments": {
          "subject": "Printer down",
        },
        "toolExecutionRequestId": "exec-a",
        "toolExplanation": "Opens a new support ticket",
        "toolName": "create_ticket",
        "toolTitle": "Create ticket",
        "toolType": "WRITE",
      },
      {
        "approvalType": null,
        "requiresApproval": false,
        "toolCallArguments": null,
        "toolExecutionRequestId": "exec-b",
        "toolExplanation": undefined,
        "toolName": "read_kb",
        "toolTitle": undefined,
        "toolType": undefined,
      },
    ],
  },
  "approval_request_batch_malformed_entries": {
    "action": "approval_batch",
    "approvalType": "USER",
    "requestId": "batch-2",
    "toolCalls": [
      {
        "approvalType": null,
        "requiresApproval": false,
        "toolCallArguments": null,
        "toolExecutionRequestId": "",
        "toolExplanation": undefined,
        "toolName": "42",
        "toolTitle": undefined,
        "toolType": undefined,
      },
    ],
  },
  "approval_request_empty_tool_calls": {
    "action": "approval_request",
    "approvalType": "USER",
    "command": "echo hi",
    "explanation": undefined,
    "requestId": "req-3",
  },
  "approval_request_single": {
    "action": "approval_request",
    "approvalType": "CLIENT",
    "command": "systemctl restart nats",
    "explanation": "Restart the message broker",
    "requestId": "req-1",
  },
  "approval_request_snake_case_id": {
    "action": "approval_request",
    "approvalType": "USER",
    "command": "rm -rf /tmp/cache",
    "explanation": undefined,
    "requestId": "req-2",
  },
  "approval_result_approved": {
    "action": "approval_result",
    "approvalType": "CLIENT",
    "approved": true,
    "requestId": "req-1",
    "resolvedByName": "Jane Admin",
  },
  "approval_result_rejected_resolved_by_name": {
    "action": "approval_result",
    "approvalType": "CLIENT",
    "approved": false,
    "requestId": "req-1",
    "resolvedByName": "Bob Tech",
  },
  "approval_result_truthy_string_approved": {
    "action": "approval_result",
    "approvalType": "CLIENT",
    "approved": false,
    "requestId": "req-9",
    "resolvedByName": undefined,
  },
  "context_compaction_end": {
    "action": "context_compaction_end",
    "summary": "Compacted 34 messages",
  },
  "context_compaction_end_no_summary": {
    "action": "context_compaction_end",
    "summary": undefined,
  },
  "context_compaction_start": {
    "action": "context_compaction_start",
  },
  "dialog_closed": {
    "action": "dialog_closed",
  },
  "direct_message": {
    "action": "direct_message",
    "displayName": "Jane Admin",
    "ownerType": "ADMIN",
    "text": "Hi, human here taking over",
    "userId": "admin-7",
  },
  "direct_message_no_text": null,
  "empty_object": null,
  "error_bare": {
    "action": "error",
    "details": undefined,
    "error": "An error occurred",
  },
  "error_full": {
    "action": "error",
    "details": "{"error":{"message":"boom"}}",
    "error": "Agent crashed",
  },
  "executed_tool": {
    "action": "tool_execution",
    "segment": {
      "data": {
        "integratedToolType": "TACTICAL_RMM",
        "parameters": {
          "script": "cleanup.sh",
        },
        "result": "Freed 2.3 GB",
        "success": true,
        "toolExecutionRequestId": "exec-1",
        "toolFunction": "run_script",
        "toolTitle": undefined,
        "type": "EXECUTED_TOOL",
      },
      "type": "tool_execution",
    },
  },
  "executed_tool_failure_no_exec_id": {
    "action": "tool_execution",
    "segment": {
      "data": {
        "integratedToolType": "FLEET_MDM",
        "parameters": undefined,
        "result": "Device unreachable",
        "success": false,
        "toolExecutionRequestId": undefined,
        "toolFunction": "lock_device",
        "toolTitle": undefined,
        "type": "EXECUTED_TOOL",
      },
      "type": "tool_execution",
    },
  },
  "executing_tool": {
    "action": "tool_execution",
    "segment": {
      "data": {
        "integratedToolType": "TACTICAL_RMM",
        "parameters": {
          "script": "cleanup.sh",
          "timeout": 30,
        },
        "toolExecutionRequestId": "exec-1",
        "toolFunction": "run_script",
        "toolTitle": "Run cleanup script",
        "type": "EXECUTING_TOOL",
      },
      "type": "tool_execution",
    },
  },
  "executing_tool_minimal": {
    "action": "tool_execution",
    "segment": {
      "data": {
        "integratedToolType": "",
        "parameters": undefined,
        "toolExecutionRequestId": undefined,
        "toolFunction": "",
        "toolTitle": undefined,
        "type": "EXECUTING_TOOL",
      },
      "type": "tool_execution",
    },
  },
  "message_end": {
    "action": "message_end",
  },
  "message_request": {
    "action": "message_request",
    "contextItems": undefined,
    "displayName": "Alice",
    "ownerType": "CLIENT",
    "text": "open a ticket",
    "userId": "user-42",
  },
  "message_request_no_text": {
    "action": "message_request",
    "contextItems": undefined,
    "displayName": undefined,
    "ownerType": undefined,
    "text": "",
    "userId": undefined,
  },
  "message_request_with_context_items": {
    "action": "message_request",
    "contextItems": [
      {
        "id": "dev-1",
        "label": "dev-1",
        "type": "device",
      },
    ],
    "displayName": undefined,
    "ownerType": undefined,
    "text": "diagnose this device",
    "userId": undefined,
  },
  "message_start": {
    "action": "message_start",
  },
  "missing_type": null,
  "null_chunk": null,
  "number_chunk": null,
  "string_chunk": null,
  "system": {
    "action": "system",
    "text": "Technician joined the chat",
  },
  "system_no_text": null,
  "text": {
    "action": "text",
    "text": "Hello, ",
  },
  "text_empty_string": {
    "action": "text",
    "text": "",
  },
  "text_missing_text_field": null,
  "thinking": {
    "action": "thinking",
    "text": "Considering options…",
  },
  "thinking_missing_text": null,
  "token_usage": {
    "action": "token_usage",
    "data": {
      "contextSize": 180000,
      "inputTokensSize": 1200,
      "outputTokensSize": 340,
      "totalTokensSize": 1540,
    },
  },
  "token_usage_empty_defaults": {
    "action": "token_usage",
    "data": {
      "contextSize": 0,
      "inputTokensSize": 0,
      "outputTokensSize": 0,
      "totalTokensSize": 0,
    },
  },
  "undefined_chunk": null,
  "unknown_type": null,
}
`;
